// Jest Snapshot v1, https://goo.gl/fbAQLP

exports[`DLT API Test 1`] = `
{
  "Resources": {
    "DLTCustomResourceInfraCustomResourceLambdaA4053269": {
      "DependsOn": [
        "TestCommonResourcesCustomResourceCustomResourceLambdaRoleABFE4E13",
      ],
      "Metadata": {
        "cfn_nag": {
          "rules_to_suppress": [
            {
              "id": "W58",
              "reason": "CloudWatchLogsPolicy covers a permission to write CloudWatch logs.",
            },
            {
              "id": "W89",
              "reason": "VPC not needed for lambda",
            },
            {
              "id": "W92",
              "reason": "Does not run concurrent executions",
            },
          ],
        },
      },
      "Properties": {
        "Code": {
          "S3Bucket": {
            "Fn::Sub": "cdk-hnb659fds-assets-\${AWS::AccountId}-\${AWS::Region}",
          },
          "S3Key": "Omitted to remove snapshot dependency on hash",
        },
        "Description": "CFN Lambda backed custom resource to deploy assets to s3",
        "Environment": {
          "Variables": {
            "METRIC_URL": "https://metrics.awssolutionsbuilder.com/generic",
            "SOLUTION_ID": "testId",
            "VERSION": "testVersion",
          },
        },
        "Handler": "index.handler",
        "Role": {
          "Fn::GetAtt": [
            "TestCommonResourcesCustomResourceCustomResourceLambdaRoleABFE4E13",
            "Arn",
          ],
        },
        "Runtime": "nodejs20.x",
        "Timeout": 120,
      },
      "Type": "AWS::Lambda::Function",
    },
    "TestCommonResourcesCloudWatchLogsPolicy1662253E": {
      "Properties": {
        "PolicyDocument": {
          "Statement": [
            {
              "Action": [
                "logs:CreateLogGroup",
                "logs:CreateLogStream",
                "logs:PutLogEvents",
              ],
              "Effect": "Allow",
              "Resource": {
                "Fn::Join": [
                  "",
                  [
                    "arn:",
                    {
                      "Ref": "AWS::Partition",
                    },
                    ":logs:",
                    {
                      "Ref": "AWS::Region",
                    },
                    ":",
                    {
                      "Ref": "AWS::AccountId",
                    },
                    ":log-group:/aws/lambda/*",
                  ],
                ],
              },
            },
          ],
          "Version": "2012-10-17",
        },
        "PolicyName": "TestCommonResourcesCloudWatchLogsPolicy1662253E",
        "Roles": [
          {
            "Ref": "TestCommonResourcesCustomResourceCustomResourceLambdaRoleABFE4E13",
          },
        ],
      },
      "Type": "AWS::IAM::Policy",
    },
    "TestCommonResourcesCustomResourceCustomResourceLambdaRoleABFE4E13": {
      "Metadata": {
        "cfn_nag": {
          "rules_to_suppress": [
            {
              "id": "W11",
              "reason": "iot:DescribeEndpoint and iot:DetachPrincipalPolicy cannot specify the resource.",
            },
          ],
        },
        "guard": {
          "SuppressedRules": [
            "IAM_NO_INLINE_POLICY_CHECK",
          ],
        },
      },
      "Properties": {
        "AssumeRolePolicyDocument": {
          "Statement": [
            {
              "Action": "sts:AssumeRole",
              "Effect": "Allow",
              "Principal": {
                "Service": "lambda.amazonaws.com",
              },
            },
          ],
          "Version": "2012-10-17",
        },
        "Policies": [
          {
            "PolicyDocument": {
              "Statement": [
                {
                  "Action": [
                    "iot:DescribeEndpoint",
                    "iot:DetachPrincipalPolicy",
                  ],
                  "Effect": "Allow",
                  "Resource": "*",
                },
                {
                  "Action": "iot:ListTargetsForPolicy",
                  "Effect": "Allow",
                  "Resource": {
                    "Fn::Join": [
                      "",
                      [
                        "arn:",
                        {
                          "Ref": "AWS::Partition",
                        },
                        ":iot:",
                        {
                          "Ref": "AWS::Region",
                        },
                        ":",
                        {
                          "Ref": "AWS::AccountId",
                        },
                        ":policy/*",
                      ],
                    ],
                  },
                },
              ],
              "Version": "2012-10-17",
            },
            "PolicyName": "CustomResourcePolicy",
          },
        ],
      },
      "Type": "AWS::IAM::Role",
    },
    "TestCommonResourcesLogsBucket5B4DBD4F": {
      "DeletionPolicy": "Retain",
      "Metadata": {
        "cfn_nag": {
          "rules_to_suppress": [
            {
              "id": "W35",
              "reason": "This is the logging bucket, it does not require logging.",
            },
            {
              "id": "W51",
              "reason": "Since the bucket does not allow the public access, it does not require to have bucket policy.",
            },
          ],
        },
      },
      "Properties": {
        "AccessControl": "LogDeliveryWrite",
        "BucketEncryption": {
          "ServerSideEncryptionConfiguration": [
            {
              "ServerSideEncryptionByDefault": {
                "SSEAlgorithm": "AES256",
              },
            },
          ],
        },
        "OwnershipControls": {
          "Rules": [
            {
              "ObjectOwnership": "ObjectWriter",
            },
          ],
        },
        "PublicAccessBlockConfiguration": {
          "BlockPublicAcls": true,
          "BlockPublicPolicy": true,
          "IgnorePublicAcls": true,
          "RestrictPublicBuckets": true,
        },
        "VersioningConfiguration": {
          "Status": "Enabled",
        },
      },
      "Type": "AWS::S3::Bucket",
      "UpdateReplacePolicy": "Retain",
    },
    "TestCommonResourcesLogsBucketPolicyAB18A08E": {
      "Properties": {
        "Bucket": {
          "Ref": "TestCommonResourcesLogsBucket5B4DBD4F",
        },
        "PolicyDocument": {
          "Statement": [
            {
              "Action": "s3:*",
              "Condition": {
                "Bool": {
                  "aws:SecureTransport": "false",
                },
              },
              "Effect": "Deny",
              "Principal": {
                "AWS": "*",
              },
              "Resource": [
                {
                  "Fn::GetAtt": [
                    "TestCommonResourcesLogsBucket5B4DBD4F",
                    "Arn",
                  ],
                },
                {
                  "Fn::Join": [
                    "",
                    [
                      {
                        "Fn::GetAtt": [
                          "TestCommonResourcesLogsBucket5B4DBD4F",
                          "Arn",
                        ],
                      },
                      "/*",
                    ],
                  ],
                },
              ],
            },
          ],
          "Version": "2012-10-17",
        },
      },
      "Type": "AWS::S3::BucketPolicy",
    },
  },
}
`;
