// Jest Snapshot v1, https://goo.gl/fbAQLP

exports[`DLT API Test 1`] = `
{
  "Mappings": {
    "ServiceprincipalMap": {
      "af-south-1": {
        "states": "states.af-south-1.amazonaws.com",
      },
      "ap-east-1": {
        "states": "states.ap-east-1.amazonaws.com",
      },
      "ap-northeast-1": {
        "states": "states.ap-northeast-1.amazonaws.com",
      },
      "ap-northeast-2": {
        "states": "states.ap-northeast-2.amazonaws.com",
      },
      "ap-northeast-3": {
        "states": "states.ap-northeast-3.amazonaws.com",
      },
      "ap-south-1": {
        "states": "states.ap-south-1.amazonaws.com",
      },
      "ap-south-2": {
        "states": "states.ap-south-2.amazonaws.com",
      },
      "ap-southeast-1": {
        "states": "states.ap-southeast-1.amazonaws.com",
      },
      "ap-southeast-2": {
        "states": "states.ap-southeast-2.amazonaws.com",
      },
      "ap-southeast-3": {
        "states": "states.ap-southeast-3.amazonaws.com",
      },
      "ap-southeast-4": {
        "states": "states.ap-southeast-4.amazonaws.com",
      },
      "ca-central-1": {
        "states": "states.ca-central-1.amazonaws.com",
      },
      "cn-north-1": {
        "states": "states.cn-north-1.amazonaws.com",
      },
      "cn-northwest-1": {
        "states": "states.cn-northwest-1.amazonaws.com",
      },
      "eu-central-1": {
        "states": "states.eu-central-1.amazonaws.com",
      },
      "eu-central-2": {
        "states": "states.eu-central-2.amazonaws.com",
      },
      "eu-north-1": {
        "states": "states.eu-north-1.amazonaws.com",
      },
      "eu-south-1": {
        "states": "states.eu-south-1.amazonaws.com",
      },
      "eu-south-2": {
        "states": "states.eu-south-2.amazonaws.com",
      },
      "eu-west-1": {
        "states": "states.eu-west-1.amazonaws.com",
      },
      "eu-west-2": {
        "states": "states.eu-west-2.amazonaws.com",
      },
      "eu-west-3": {
        "states": "states.eu-west-3.amazonaws.com",
      },
      "il-central-1": {
        "states": "states.il-central-1.amazonaws.com",
      },
      "me-central-1": {
        "states": "states.me-central-1.amazonaws.com",
      },
      "me-south-1": {
        "states": "states.me-south-1.amazonaws.com",
      },
      "sa-east-1": {
        "states": "states.sa-east-1.amazonaws.com",
      },
      "us-east-1": {
        "states": "states.us-east-1.amazonaws.com",
      },
      "us-east-2": {
        "states": "states.us-east-2.amazonaws.com",
      },
      "us-gov-east-1": {
        "states": "states.us-gov-east-1.amazonaws.com",
      },
      "us-gov-west-1": {
        "states": "states.us-gov-west-1.amazonaws.com",
      },
      "us-iso-east-1": {
        "states": "states.amazonaws.com",
      },
      "us-iso-west-1": {
        "states": "states.amazonaws.com",
      },
      "us-isob-east-1": {
        "states": "states.amazonaws.com",
      },
      "us-west-1": {
        "states": "states.us-west-1.amazonaws.com",
      },
      "us-west-2": {
        "states": "states.us-west-2.amazonaws.com",
      },
    },
  },
  "Resources": {
    "TaskRunnerStepFunctionStepFunctionsLogGroup39F53B04": {
      "DeletionPolicy": "Retain",
      "Metadata": {
        "cfn_nag": {
          "rules_to_suppress": [
            {
              "id": "W84",
              "reason": "KMS encryption unnecessary for log group",
            },
          ],
        },
      },
      "Properties": {
        "LogGroupName": {
          "Fn::Join": [
            "",
            [
              "/aws/vendedlogs/states/StepFunctionsLogGroup",
              {
                "Ref": "AWS::StackName",
              },
              "abc-def-xyz",
            ],
          ],
        },
        "RetentionInDays": 365,
      },
      "Type": "AWS::Logs::LogGroup",
      "UpdateReplacePolicy": "Retain",
    },
    "TaskRunnerStepFunctionTaskRunnerStepFunctionsC50015AC": {
      "DeletionPolicy": "Delete",
      "DependsOn": [
        "TaskRunnerStepFunctionTaskRunnerStepFunctionsRoleDefaultPolicyACCEC854",
        "TaskRunnerStepFunctionTaskRunnerStepFunctionsRole706897AC",
      ],
      "Properties": {
        "DefinitionString": {
          "Fn::Join": [
            "",
            [
              "{"StartAt":"Regions for testing","States":{"Regions for testing":{"Type":"Map","ResultPath":null,"Next":"Parse result","InputPath":"$","Parameters":{"testTaskConfig.$":"$$.Map.Item.Value","testId.$":"$.testId","testType.$":"$.testType","fileType.$":"$.fileType","showLive.$":"$.showLive","testDuration.$":"$.testDuration","prefix.$":"$.prefix"},"Iterator":{"StartAt":"Check running tests","States":{"Check running tests":{"Next":"No running tests","Retry":[{"ErrorEquals":["Lambda.ClientExecutionTimeoutException","Lambda.ServiceException","Lambda.AWSLambdaException","Lambda.SdkClientException"],"IntervalSeconds":2,"MaxAttempts":6,"BackoffRate":2}],"Type":"Task","InputPath":"$","OutputPath":"$.Payload","Resource":"arn:",
              {
                "Ref": "AWS::Partition",
              },
              ":states:::lambda:invoke","Parameters":{"FunctionName":"",
              {
                "Fn::GetAtt": [
                  "TestFunction22AD90FC",
                  "Arn",
                ],
              },
              "","Payload.$":"$"}},"No running tests":{"Type":"Choice","Choices":[{"Variable":"$.isRunning","BooleanEquals":false,"Next":"Run workers"}],"Default":"Test is still running"},"Test is still running":{"Type":"Fail","Error":"TestAlreadyRunning","Cause":"The same test is already running."},"Run workers":{"Next":"Requires leader?","Retry":[{"ErrorEquals":["Lambda.ClientExecutionTimeoutException","Lambda.ServiceException","Lambda.AWSLambdaException","Lambda.SdkClientException"],"IntervalSeconds":2,"MaxAttempts":6,"BackoffRate":2}],"Type":"Task","InputPath":"$","OutputPath":"$.Payload","Resource":"arn:",
              {
                "Ref": "AWS::Partition",
              },
              ":states:::lambda:invoke","Parameters":{"FunctionName":"",
              {
                "Fn::GetAtt": [
                  "TestFunction22AD90FC",
                  "Arn",
                ],
              },
              "","Payload.$":"$"}},"Requires leader?":{"Type":"Choice","Choices":[{"Variable":"$.isRunning","BooleanEquals":false,"Next":"Cancel Test"},{"Variable":"$.taskIds","IsPresent":false,"Next":"Wait specified test duration"}],"Default":"Wait 1 minute - worker status"},"Wait 1 minute - worker status":{"Type":"Wait","Comment":"Wait 1 minute to check task status again","Seconds":60,"Next":"Check worker status"},"Check worker status":{"Next":"Are all workers running?","Retry":[{"ErrorEquals":["Lambda.ClientExecutionTimeoutException","Lambda.ServiceException","Lambda.AWSLambdaException","Lambda.SdkClientException"],"IntervalSeconds":2,"MaxAttempts":6,"BackoffRate":2}],"Type":"Task","InputPath":"$","OutputPath":"$.Payload","Resource":"arn:",
              {
                "Ref": "AWS::Partition",
              },
              ":states:::lambda:invoke","Parameters":{"FunctionName":"",
              {
                "Fn::GetAtt": [
                  "TestFunction22AD90FC",
                  "Arn",
                ],
              },
              "","Payload.$":"$"}},"Are all workers running?":{"Type":"Choice","Choices":[{"Variable":"$.isRunning","BooleanEquals":false,"Next":"Cancel Test"},{"Variable":"$.numTasksRunning","NumericEqualsPath":"$.numTasksTotal","Next":"Run leader task"}],"Default":"Wait 1 minute - worker status"},"Cancel Test":{"Next":"Map End","Retry":[{"ErrorEquals":["Lambda.ClientExecutionTimeoutException","Lambda.ServiceException","Lambda.AWSLambdaException","Lambda.SdkClientException"],"IntervalSeconds":2,"MaxAttempts":6,"BackoffRate":2}],"Type":"Task","InputPath":"$","ResultPath":null,"Resource":"arn:",
              {
                "Ref": "AWS::Partition",
              },
              ":states:::lambda:invoke","Parameters":{"FunctionName":"",
              {
                "Fn::GetAtt": [
                  "TestFunction22AD90FC",
                  "Arn",
                ],
              },
              "","Payload.$":"$"}},"Run leader task":{"Next":"Wait specified test duration","Retry":[{"ErrorEquals":["Lambda.ClientExecutionTimeoutException","Lambda.ServiceException","Lambda.AWSLambdaException","Lambda.SdkClientException"],"IntervalSeconds":2,"MaxAttempts":6,"BackoffRate":2}],"Catch":[{"ErrorEquals":["States.ALL"],"ResultPath":"$.error","Next":"Cancel Test"}],"Type":"Task","InputPath":"$","OutputPath":"$.Payload","Resource":"arn:",
              {
                "Ref": "AWS::Partition",
              },
              ":states:::lambda:invoke","Parameters":{"FunctionName":"",
              {
                "Fn::GetAtt": [
                  "TestFunction22AD90FC",
                  "Arn",
                ],
              },
              "","Payload.$":"$"}},"Wait specified test duration":{"Type":"Wait","SecondsPath":"$.testDuration","Next":"Check task status"},"Check task status":{"Next":"Are all tasks done?","Retry":[{"ErrorEquals":["Lambda.ClientExecutionTimeoutException","Lambda.ServiceException","Lambda.AWSLambdaException","Lambda.SdkClientException"],"IntervalSeconds":2,"MaxAttempts":6,"BackoffRate":2}],"Type":"Task","InputPath":"$","OutputPath":"$.Payload","Resource":"arn:",
              {
                "Ref": "AWS::Partition",
              },
              ":states:::lambda:invoke","Parameters":{"FunctionName":"",
              {
                "Fn::GetAtt": [
                  "TestFunction22AD90FC",
                  "Arn",
                ],
              },
              "","Payload.$":"$"}},"Wait 1 minute - task status":{"Type":"Wait","Comment":"Wait 1 minute to check task status again","Seconds":60,"Next":"Check task status"},"Are all tasks done?":{"Type":"Choice","Choices":[{"Variable":"$.isRunning","BooleanEquals":false,"Next":"Map End"}],"Default":"Wait 1 minute - task status"},"Map End":{"Type":"Pass","End":true}}},"ItemsPath":"$.testTaskConfig"},"Parse result":{"Next":"Done","Retry":[{"ErrorEquals":["Lambda.ClientExecutionTimeoutException","Lambda.ServiceException","Lambda.AWSLambdaException","Lambda.SdkClientException"],"IntervalSeconds":2,"MaxAttempts":6,"BackoffRate":2}],"Type":"Task","Resource":"arn:",
              {
                "Ref": "AWS::Partition",
              },
              ":states:::lambda:invoke","Parameters":{"FunctionName":"",
              {
                "Fn::GetAtt": [
                  "TestFunction22AD90FC",
                  "Arn",
                ],
              },
              "","Payload.$":"$"}},"Done":{"Type":"Succeed"}}}",
            ],
          ],
        },
        "LoggingConfiguration": {
          "Destinations": [
            {
              "CloudWatchLogsLogGroup": {
                "LogGroupArn": {
                  "Fn::GetAtt": [
                    "TaskRunnerStepFunctionStepFunctionsLogGroup39F53B04",
                    "Arn",
                  ],
                },
              },
            },
          ],
          "IncludeExecutionData": false,
          "Level": "ALL",
        },
        "RoleArn": {
          "Fn::GetAtt": [
            "TaskRunnerStepFunctionTaskRunnerStepFunctionsRole706897AC",
            "Arn",
          ],
        },
      },
      "Type": "AWS::StepFunctions::StateMachine",
      "UpdateReplacePolicy": "Delete",
    },
    "TaskRunnerStepFunctionTaskRunnerStepFunctionsRole706897AC": {
      "Metadata": {
        "cfn_nag": {
          "rules_to_suppress": [
            {
              "id": "W11",
              "reason": "CloudWatch logs actions do not support resource level permissions",
            },
            {
              "id": "W12",
              "reason": "CloudWatch logs actions do not support resource level permissions",
            },
          ],
        },
      },
      "Properties": {
        "AssumeRolePolicyDocument": {
          "Statement": [
            {
              "Action": "sts:AssumeRole",
              "Effect": "Allow",
              "Principal": {
                "Service": {
                  "Fn::FindInMap": [
                    "ServiceprincipalMap",
                    {
                      "Ref": "AWS::Region",
                    },
                    "states",
                  ],
                },
              },
            },
          ],
          "Version": "2012-10-17",
        },
      },
      "Type": "AWS::IAM::Role",
    },
    "TaskRunnerStepFunctionTaskRunnerStepFunctionsRoleDefaultPolicyACCEC854": {
      "Metadata": {
        "cfn_nag": {
          "rules_to_suppress": [
            {
              "id": "W12",
              "reason": "CloudWatch logs actions do not support resource level permissions",
            },
            {
              "id": "W76",
              "reason": "The IAM policy is written for least-privilege access.",
            },
          ],
        },
      },
      "Properties": {
        "PolicyDocument": {
          "Statement": [
            {
              "Action": [
                "logs:CreateLogDelivery",
                "logs:GetLogDelivery",
                "logs:UpdateLogDelivery",
                "logs:DeleteLogDelivery",
                "logs:ListLogDeliveries",
                "logs:PutResourcePolicy",
                "logs:DescribeResourcePolicies",
                "logs:DescribeLogGroups",
              ],
              "Effect": "Allow",
              "Resource": "*",
            },
            {
              "Action": "lambda:InvokeFunction",
              "Effect": "Allow",
              "Resource": [
                {
                  "Fn::GetAtt": [
                    "TestFunction22AD90FC",
                    "Arn",
                  ],
                },
                {
                  "Fn::Join": [
                    "",
                    [
                      {
                        "Fn::GetAtt": [
                          "TestFunction22AD90FC",
                          "Arn",
                        ],
                      },
                      ":*",
                    ],
                  ],
                },
              ],
            },
          ],
          "Version": "2012-10-17",
        },
        "PolicyName": "TaskRunnerStepFunctionTaskRunnerStepFunctionsRoleDefaultPolicyACCEC854",
        "Roles": [
          {
            "Ref": "TaskRunnerStepFunctionTaskRunnerStepFunctionsRole706897AC",
          },
        ],
      },
      "Type": "AWS::IAM::Policy",
    },
    "TestFunction22AD90FC": {
      "DependsOn": [
        "TestRole6C9272DF",
      ],
      "Properties": {
        "Code": {
          "S3Bucket": "testbucket",
          "S3Key": "custom-resource.zip",
        },
        "Handler": "index.handler",
        "Role": {
          "Fn::GetAtt": [
            "TestRole6C9272DF",
            "Arn",
          ],
        },
        "Runtime": "nodejs16.x",
      },
      "Type": "AWS::Lambda::Function",
    },
    "TestRole6C9272DF": {
      "Properties": {
        "AssumeRolePolicyDocument": {
          "Statement": [
            {
              "Action": "sts:AssumeRole",
              "Effect": "Allow",
              "Principal": {
                "Service": "lambda.amazonaws.com",
              },
            },
          ],
          "Version": "2012-10-17",
        },
        "Policies": [
          {
            "PolicyDocument": {
              "Statement": [
                {
                  "Action": "*",
                  "Effect": "Deny",
                  "Resource": "*",
                },
              ],
              "Version": "2012-10-17",
            },
            "PolicyName": "DenyPolicy",
          },
        ],
      },
      "Type": "AWS::IAM::Role",
    },
  },
}
`;
