// Jest Snapshot v1, https://goo.gl/fbAQLP

exports[`DLT Task Lambda Test 1`] = `
{
  "Resources": {
    "TaskRunnerLambdaFunctionsDLTTestLambdaTaskRoleCB13DE78": {
      "Metadata": {
        "cfn_nag": {
          "rules_to_suppress": [
            {
              "id": "W11",
              "reason": "ecs:ListTasks does not support resource level permissions",
            },
          ],
        },
        "guard": {
          "SuppressedRules": [
            "IAM_NO_INLINE_POLICY_CHECK",
          ],
        },
      },
      "Properties": {
        "AssumeRolePolicyDocument": {
          "Statement": [
            {
              "Action": "sts:AssumeRole",
              "Effect": "Allow",
              "Principal": {
                "Service": "lambda.amazonaws.com",
              },
            },
          ],
          "Version": "2012-10-17",
        },
        "Policies": [
          {
            "PolicyDocument": {
              "Statement": [
                {
                  "Action": "ecs:ListTasks",
                  "Effect": "Allow",
                  "Resource": "*",
                },
                {
                  "Action": [
                    "ecs:RunTask",
                    "ecs:DescribeTasks",
                    "ecs:TagResource",
                    "logs:PutMetricFilter",
                  ],
                  "Condition": {
                    "StringEquals": {
                      "aws:ResourceTag/SolutionId": "testId",
                    },
                  },
                  "Effect": "Allow",
                  "Resource": "*",
                },
                {
                  "Action": "s3:putObject",
                  "Effect": "Allow",
                  "Resource": "testBucketArn/*",
                },
                {
                  "Action": "iam:PassRole",
                  "Effect": "Allow",
                  "Resource": "arn:aws:iam:us-east-1:111122223333:roleArn",
                },
                {
                  "Action": "cloudwatch:PutDashboard",
                  "Effect": "Allow",
                  "Resource": {
                    "Fn::Join": [
                      "",
                      [
                        "arn:",
                        {
                          "Ref": "AWS::Partition",
                        },
                        ":cloudwatch::",
                        {
                          "Ref": "AWS::AccountId",
                        },
                        ":dashboard/EcsLoadTesting*",
                      ],
                    ],
                  },
                },
              ],
              "Version": "2012-10-17",
            },
            "PolicyName": "TaskLambdaPolicy",
          },
        ],
      },
      "Type": "AWS::IAM::Role",
    },
    "TaskRunnerLambdaFunctionsLambdaResultsPolicy6D0AF2FB": {
      "Metadata": {
        "cfn_nag": {
          "rules_to_suppress": [
            {
              "id": "W12",
              "reason": "The action does not support resource level permissions.",
            },
          ],
        },
      },
      "Properties": {
        "PolicyDocument": {
          "Statement": [
            {
              "Action": "cloudwatch:GetMetricWidgetImage",
              "Effect": "Allow",
              "Resource": "*",
            },
            {
              "Action": "logs:DeleteMetricFilter",
              "Condition": {
                "StringEquals": {
                  "aws:ResourceTag/SolutionId": "testId",
                },
              },
              "Effect": "Allow",
              "Resource": "*",
            },
          ],
          "Version": "2012-10-17",
        },
        "PolicyName": "TaskRunnerLambdaFunctionsLambdaResultsPolicy6D0AF2FB",
        "Roles": [
          {
            "Ref": "TaskRunnerLambdaFunctionsLambdaResultsRole1AF5AB18",
          },
        ],
      },
      "Type": "AWS::IAM::Policy",
    },
    "TaskRunnerLambdaFunctionsLambdaResultsRole1AF5AB18": {
      "Metadata": {
        "cfn_nag": {
          "rules_to_suppress": [
            {
              "id": "W12",
              "reason": "The action does not support resource level permissions.",
            },
          ],
        },
        "guard": {
          "SuppressedRules": [
            "IAM_NO_INLINE_POLICY_CHECK",
          ],
        },
      },
      "Properties": {
        "AssumeRolePolicyDocument": {
          "Statement": [
            {
              "Action": "sts:AssumeRole",
              "Effect": "Allow",
              "Principal": {
                "Service": "lambda.amazonaws.com",
              },
            },
          ],
          "Version": "2012-10-17",
        },
      },
      "Type": "AWS::IAM::Role",
    },
    "TaskRunnerLambdaFunctionsLambdaTaskCancelerRoleEEC6795B": {
      "Metadata": {
        "cfn_nag": {
          "rules_to_suppress": [
            {
              "id": "W11",
              "reason": "ecs:ListTasks does not support resource level permissions",
            },
          ],
        },
        "guard": {
          "SuppressedRules": [
            "IAM_NO_INLINE_POLICY_CHECK",
          ],
        },
      },
      "Properties": {
        "AssumeRolePolicyDocument": {
          "Statement": [
            {
              "Action": "sts:AssumeRole",
              "Effect": "Allow",
              "Principal": {
                "Service": "lambda.amazonaws.com",
              },
            },
          ],
          "Version": "2012-10-17",
        },
        "Policies": [
          {
            "PolicyDocument": {
              "Statement": [
                {
                  "Action": "ecs:StopTask",
                  "Condition": {
                    "StringEquals": {
                      "aws:ResourceTag/SolutionId": "testId",
                    },
                  },
                  "Effect": "Allow",
                  "Resource": "*",
                },
                {
                  "Action": "ecs:ListTasks",
                  "Effect": "Allow",
                  "Resource": "*",
                },
                {
                  "Action": "dynamodb:UpdateItem",
                  "Effect": "Allow",
                  "Resource": {
                    "Fn::GetAtt": [
                      "TestTable5769773A",
                      "Arn",
                    ],
                  },
                },
              ],
              "Version": "2012-10-17",
            },
            "PolicyName": "TaskCancelerPolicy",
          },
        ],
      },
      "Type": "AWS::IAM::Role",
    },
    "TaskRunnerLambdaFunctionsResultsParserLambdaLogGroup4DCE2769": {
      "DeletionPolicy": "Retain",
      "Metadata": {
        "cfn_nag": {
          "rules_to_suppress": [
            {
              "id": "W84",
              "reason": "KMS encryption unnecessary for log group",
            },
          ],
        },
        "guard": {
          "SuppressedRules": [
            "CLOUDWATCH_LOG_GROUP_ENCRYPTED",
          ],
        },
      },
      "Properties": {
        "LogGroupName": {
          "Fn::Join": [
            "",
            [
              "/aws/lambda/",
              {
                "Ref": "TaskRunnerLambdaFunctionsResultsParserNew7FDE8076",
              },
            ],
          ],
        },
        "RetentionInDays": 731,
      },
      "Type": "AWS::Logs::LogGroup",
      "UpdateReplacePolicy": "Retain",
    },
    "TaskRunnerLambdaFunctionsResultsParserNew7FDE8076": {
      "DependsOn": [
        "TaskRunnerLambdaFunctionsLambdaResultsRole1AF5AB18",
      ],
      "Metadata": {
        "cfn_nag": {
          "rules_to_suppress": [
            {
              "id": "W58",
              "reason": "CloudWatchLogsPolicy covers a permission to write CloudWatch logs.",
            },
            {
              "id": "W89",
              "reason": "This Lambda function does not require a VPC",
            },
            {
              "id": "W92",
              "reason": "Does not run concurrent executions",
            },
          ],
        },
      },
      "Properties": {
        "Code": {
          "S3Bucket": {
            "Fn::Sub": "cdk-hnb659fds-assets-\${AWS::AccountId}-\${AWS::Region}",
          },
          "S3Key": "Omitted to remove snapshot dependency on hash",
        },
        "Description": "Result parser for indexing xml test results to DynamoDB",
        "Environment": {
          "Variables": {
            "HISTORY_TABLE": {
              "Ref": "TestTable5769773A",
            },
            "METRIC_URL": "https://metrics.awssolutionsbuilder.com/generic",
            "SCENARIOS_BUCKET": "testBucket",
            "SCENARIOS_TABLE": {
              "Ref": "TestTable5769773A",
            },
            "SEND_METRIC": "No",
            "SOLUTION_ID": "testId",
            "UUID": "testId",
            "VERSION": "testVersion",
          },
        },
        "Handler": "index.handler",
        "Role": {
          "Fn::GetAtt": [
            "TaskRunnerLambdaFunctionsLambdaResultsRole1AF5AB18",
            "Arn",
          ],
        },
        "Runtime": "nodejs20.x",
        "Timeout": 120,
      },
      "Type": "AWS::Lambda::Function",
    },
    "TaskRunnerLambdaFunctionsTaskCancelerInvokePolicyD51068E2": {
      "Properties": {
        "PolicyDocument": {
          "Statement": [
            {
              "Action": "lambda:InvokeFunction",
              "Effect": "Allow",
              "Resource": {
                "Fn::GetAtt": [
                  "TaskRunnerLambdaFunctionsTaskCancelerNew4B46C8FD",
                  "Arn",
                ],
              },
            },
          ],
          "Version": "2012-10-17",
        },
        "PolicyName": "TaskRunnerLambdaFunctionsTaskCancelerInvokePolicyD51068E2",
        "Roles": [
          {
            "Ref": "TaskRunnerLambdaFunctionsTaskStatusRole4B498DE5",
          },
        ],
      },
      "Type": "AWS::IAM::Policy",
    },
    "TaskRunnerLambdaFunctionsTaskCancelerNew4B46C8FD": {
      "DependsOn": [
        "TaskRunnerLambdaFunctionsLambdaTaskCancelerRoleEEC6795B",
      ],
      "Metadata": {
        "cfn_nag": {
          "rules_to_suppress": [
            {
              "id": "W58",
              "reason": "CloudWatchLogsPolicy covers a permission to write CloudWatch logs.",
            },
            {
              "id": "W89",
              "reason": "This Lambda function does not require a VPC",
            },
            {
              "id": "W92",
              "reason": "Does not run concurrent executions",
            },
          ],
        },
      },
      "Properties": {
        "Code": {
          "S3Bucket": {
            "Fn::Sub": "cdk-hnb659fds-assets-\${AWS::AccountId}-\${AWS::Region}",
          },
          "S3Key": "Omitted to remove snapshot dependency on hash",
        },
        "Description": "Stops ECS task",
        "Environment": {
          "Variables": {
            "METRIC_URL": "https://metrics.awssolutionsbuilder.com/generic",
            "SCENARIOS_TABLE": {
              "Ref": "TestTable5769773A",
            },
            "SOLUTION_ID": "testId",
            "VERSION": "testVersion",
          },
        },
        "Handler": "index.handler",
        "Role": {
          "Fn::GetAtt": [
            "TaskRunnerLambdaFunctionsLambdaTaskCancelerRoleEEC6795B",
            "Arn",
          ],
        },
        "Runtime": "nodejs20.x",
        "Timeout": 300,
      },
      "Type": "AWS::Lambda::Function",
    },
    "TaskRunnerLambdaFunctionsTaskCancellerLambdaLogGroup0546CAC3": {
      "DeletionPolicy": "Retain",
      "Metadata": {
        "guard": {
          "SuppressedRules": [
            "CLOUDWATCH_LOG_GROUP_ENCRYPTED",
          ],
        },
      },
      "Properties": {
        "LogGroupName": {
          "Fn::Join": [
            "",
            [
              "/aws/lambda/",
              {
                "Ref": "TaskRunnerLambdaFunctionsTaskCancelerNew4B46C8FD",
              },
            ],
          ],
        },
        "RetentionInDays": 731,
      },
      "Type": "AWS::Logs::LogGroup",
      "UpdateReplacePolicy": "Retain",
    },
    "TaskRunnerLambdaFunctionsTaskRunnerLambdaLogGroup9B234D13": {
      "DeletionPolicy": "Retain",
      "Metadata": {
        "guard": {
          "SuppressedRules": [
            "CLOUDWATCH_LOG_GROUP_ENCRYPTED",
          ],
        },
      },
      "Properties": {
        "LogGroupName": {
          "Fn::Join": [
            "",
            [
              "/aws/lambda/",
              {
                "Ref": "TaskRunnerLambdaFunctionsTaskRunnerNew217B84FB",
              },
            ],
          ],
        },
        "RetentionInDays": 731,
      },
      "Type": "AWS::Logs::LogGroup",
      "UpdateReplacePolicy": "Retain",
    },
    "TaskRunnerLambdaFunctionsTaskRunnerNew217B84FB": {
      "DependsOn": [
        "TaskRunnerLambdaFunctionsDLTTestLambdaTaskRoleCB13DE78",
      ],
      "Metadata": {
        "cfn_nag": {
          "rules_to_suppress": [
            {
              "id": "W58",
              "reason": "CloudWatchLogsPolicy covers a permission to write CloudWatch logs.",
            },
            {
              "id": "W89",
              "reason": "This Lambda function does not require a VPC",
            },
            {
              "id": "W92",
              "reason": "Does not run concurrent executions",
            },
          ],
        },
      },
      "Properties": {
        "Code": {
          "S3Bucket": {
            "Fn::Sub": "cdk-hnb659fds-assets-\${AWS::AccountId}-\${AWS::Region}",
          },
          "S3Key": "Omitted to remove snapshot dependency on hash",
        },
        "Description": "Task runner for ECS task definitions",
        "Environment": {
          "Variables": {
            "MAIN_STACK_REGION": "us-east-1",
            "SCENARIOS_BUCKET": "testBucket",
            "SCENARIOS_TABLE": {
              "Ref": "TestTable5769773A",
            },
            "SOLUTION_ID": "testId",
            "VERSION": "testVersion",
          },
        },
        "Handler": "index.handler",
        "Role": {
          "Fn::GetAtt": [
            "TaskRunnerLambdaFunctionsDLTTestLambdaTaskRoleCB13DE78",
            "Arn",
          ],
        },
        "Runtime": "nodejs20.x",
        "Timeout": 900,
      },
      "Type": "AWS::Lambda::Function",
    },
    "TaskRunnerLambdaFunctionsTaskStatusCheckerNew3A3CDDD2": {
      "DependsOn": [
        "TaskRunnerLambdaFunctionsTaskStatusRole4B498DE5",
      ],
      "Metadata": {
        "cfn_nag": {
          "rules_to_suppress": [
            {
              "id": "W58",
              "reason": "CloudWatchLogsPolicy covers a permission to write CloudWatch logs.",
            },
            {
              "id": "W89",
              "reason": "This Lambda function does not require a VPC",
            },
            {
              "id": "W92",
              "reason": "Does not run concurrent executions",
            },
          ],
        },
      },
      "Properties": {
        "Code": {
          "S3Bucket": {
            "Fn::Sub": "cdk-hnb659fds-assets-\${AWS::AccountId}-\${AWS::Region}",
          },
          "S3Key": "Omitted to remove snapshot dependency on hash",
        },
        "Description": "Task status checker",
        "Environment": {
          "Variables": {
            "SCENARIOS_TABLE": {
              "Ref": "TestTable5769773A",
            },
            "SOLUTION_ID": "testId",
            "TASK_CANCELER_ARN": {
              "Fn::GetAtt": [
                "TaskRunnerLambdaFunctionsTaskCancelerNew4B46C8FD",
                "Arn",
              ],
            },
            "VERSION": "testVersion",
          },
        },
        "Handler": "index.handler",
        "Role": {
          "Fn::GetAtt": [
            "TaskRunnerLambdaFunctionsTaskStatusRole4B498DE5",
            "Arn",
          ],
        },
        "Runtime": "nodejs20.x",
        "Timeout": 180,
      },
      "Type": "AWS::Lambda::Function",
    },
    "TaskRunnerLambdaFunctionsTaskStatusRole4B498DE5": {
      "Metadata": {
        "cfn_nag": {
          "rules_to_suppress": [
            {
              "id": "W11",
              "reason": "ecs:ListTasks does not support resource level permissions",
            },
          ],
        },
        "guard": {
          "SuppressedRules": [
            "IAM_NO_INLINE_POLICY_CHECK",
          ],
        },
      },
      "Properties": {
        "AssumeRolePolicyDocument": {
          "Statement": [
            {
              "Action": "sts:AssumeRole",
              "Effect": "Allow",
              "Principal": {
                "Service": "lambda.amazonaws.com",
              },
            },
          ],
          "Version": "2012-10-17",
        },
        "Policies": [
          {
            "PolicyDocument": {
              "Statement": [
                {
                  "Action": [
                    "ecs:DescribeTasks",
                    "ecs:ListTasks",
                  ],
                  "Effect": "Allow",
                  "Resource": "*",
                },
              ],
              "Version": "2012-10-17",
            },
            "PolicyName": "TaskStatusPolicy",
          },
        ],
      },
      "Type": "AWS::IAM::Role",
    },
    "TaskRunnerLambdaFunctionstaskStatusCheckerLambdaLogGroup7A24AD42": {
      "DeletionPolicy": "Retain",
      "Metadata": {
        "guard": {
          "SuppressedRules": [
            "CLOUDWATCH_LOG_GROUP_ENCRYPTED",
          ],
        },
      },
      "Properties": {
        "LogGroupName": {
          "Fn::Join": [
            "",
            [
              "/aws/lambda/",
              {
                "Ref": "TaskRunnerLambdaFunctionsTaskStatusCheckerNew3A3CDDD2",
              },
            ],
          ],
        },
        "RetentionInDays": 731,
      },
      "Type": "AWS::Logs::LogGroup",
      "UpdateReplacePolicy": "Retain",
    },
    "TestDynamoDBPolicy7AA7B6CD": {
      "Properties": {
        "PolicyDocument": {
          "Statement": [
            {
              "Action": "dynamodb:*",
              "Effect": "Deny",
              "Resource": "*",
            },
          ],
          "Version": "2012-10-17",
        },
        "PolicyName": "TestDynamoDBPolicy7AA7B6CD",
        "Roles": [
          {
            "Ref": "TaskRunnerLambdaFunctionsLambdaResultsRole1AF5AB18",
          },
          {
            "Ref": "TaskRunnerLambdaFunctionsDLTTestLambdaTaskRoleCB13DE78",
          },
          {
            "Ref": "TaskRunnerLambdaFunctionsTaskStatusRole4B498DE5",
          },
        ],
      },
      "Type": "AWS::IAM::Policy",
    },
    "TestLogsGroup54B681C7": {
      "DeletionPolicy": "Retain",
      "Properties": {
        "RetentionInDays": 731,
      },
      "Type": "AWS::Logs::LogGroup",
      "UpdateReplacePolicy": "Retain",
    },
    "TestPolicyCC05E598": {
      "Properties": {
        "PolicyDocument": {
          "Statement": [
            {
              "Action": "cloudwatch:Get*",
              "Effect": "Allow",
              "Resource": "*",
            },
          ],
          "Version": "2012-10-17",
        },
        "PolicyName": "TestPolicyCC05E598",
        "Roles": [
          {
            "Ref": "TaskRunnerLambdaFunctionsLambdaResultsRole1AF5AB18",
          },
          {
            "Ref": "TaskRunnerLambdaFunctionsDLTTestLambdaTaskRoleCB13DE78",
          },
          {
            "Ref": "TaskRunnerLambdaFunctionsLambdaTaskCancelerRoleEEC6795B",
          },
          {
            "Ref": "TaskRunnerLambdaFunctionsTaskStatusRole4B498DE5",
          },
        ],
      },
      "Type": "AWS::IAM::Policy",
    },
    "TestS3Policy438528DE": {
      "Properties": {
        "PolicyDocument": {
          "Statement": [
            {
              "Action": "s3:*",
              "Effect": "Deny",
              "Resource": "*",
            },
          ],
          "Version": "2012-10-17",
        },
        "PolicyName": "TestS3Policy438528DE",
        "Roles": [
          {
            "Ref": "TaskRunnerLambdaFunctionsLambdaResultsRole1AF5AB18",
          },
        ],
      },
      "Type": "AWS::IAM::Policy",
    },
    "TestTable5769773A": {
      "DeletionPolicy": "Retain",
      "Properties": {
        "AttributeDefinitions": [
          {
            "AttributeName": "id",
            "AttributeType": "S",
          },
        ],
        "KeySchema": [
          {
            "AttributeName": "id",
            "KeyType": "HASH",
          },
        ],
        "ProvisionedThroughput": {
          "ReadCapacityUnits": 5,
          "WriteCapacityUnits": 5,
        },
      },
      "Type": "AWS::DynamoDB::Table",
      "UpdateReplacePolicy": "Retain",
    },
  },
}
`;
